------------------------------------------------------------
TimeQuest Timing Analyzer Summary
------------------------------------------------------------

Type  : Slow Model Setup 'clk'
Slack : -27.512
TNS   : -4470.154

Type  : Slow Model Setup 'cpu:micpu|uc:UnidadDeControl|guardarMemoriaDatos'
Slack : -22.785
TNS   : -21455.079

Type  : Slow Model Setup 'interrupciones[0]'
Slack : -18.485
TNS   : -333.921

Type  : Slow Model Hold 'interrupciones[0]'
Slack : -6.817
TNS   : -124.953

Type  : Slow Model Hold 'clk'
Slack : 0.445
TNS   : 0.000

Type  : Slow Model Hold 'cpu:micpu|uc:UnidadDeControl|guardarMemoriaDatos'
Slack : 1.033
TNS   : 0.000

Type  : Slow Model Minimum Pulse Width 'interrupciones[0]'
Slack : -3.647
TNS   : -650.367

Type  : Slow Model Minimum Pulse Width 'clk'
Slack : -2.064
TNS   : -481.193

Type  : Slow Model Minimum Pulse Width 'cpu:micpu|uc:UnidadDeControl|guardarMemoriaDatos'
Slack : -0.611
TNS   : -1251.328

Type  : Fast Model Setup 'clk'
Slack : -9.718
TNS   : -1569.329

Type  : Fast Model Setup 'cpu:micpu|uc:UnidadDeControl|guardarMemoriaDatos'
Slack : -8.148
TNS   : -7577.790

Type  : Fast Model Setup 'interrupciones[0]'
Slack : -6.271
TNS   : -108.232

Type  : Fast Model Hold 'interrupciones[0]'
Slack : -2.788
TNS   : -59.894

Type  : Fast Model Hold 'cpu:micpu|uc:UnidadDeControl|guardarMemoriaDatos'
Slack : -0.092
TNS   : -0.092

Type  : Fast Model Hold 'clk'
Slack : 0.215
TNS   : 0.000

Type  : Fast Model Minimum Pulse Width 'clk'
Slack : -1.627
TNS   : -386.128

Type  : Fast Model Minimum Pulse Width 'interrupciones[0]'
Slack : -1.222
TNS   : -175.482

Type  : Fast Model Minimum Pulse Width 'cpu:micpu|uc:UnidadDeControl|guardarMemoriaDatos'
Slack : -0.500
TNS   : -1024.000

------------------------------------------------------------
